// Jest Snapshot v1, https://goo.gl/fbAQLP

exports[`Testing snapshot for MolocoRmp's home destination action: required fields 1`] = `
Object {
  "channel_type": "SITE",
  "event_type": "HOME",
  "timestamp": "2021-02-01T00:00:00.000Z",
}
`;
