// Jest Snapshot v1, https://goo.gl/fbAQLP

exports[`Testing snapshot for MolocoRmp's itemPageView destination action: all fields 1`] = `
Object {
  "channel_type": "APP",
  "decision_track_id": "SYvlLHdgX",
  "device": Object {
    "advertising_id": "SYvlLHdgX",
    "ip": "SYvlLHdgX",
    "language": "SYvlLHdgX",
    "model": "SYvlLHdgX",
    "os": "SYVLLHDGX",
    "os_version": "SYvlLHdgX",
    "ua": "SYvlLHdgX",
    "unique_device_id": "SYvlLHdgX",
  },
  "event_id": "SYvlLHdgX",
  "event_type": "ITEM_PAGE_VIEW",
  "items": Array [
    Object {
      "id": "SYvlLHdgX",
      "item_group_id": "SYvlLHdgX",
      "price": Object {
        "amount": -35543909044060.16,
        "currency": "BIF",
      },
      "quantity": -35543909044060.16,
      "seller_id": "SYvlLHdgX",
    },
  ],
  "page_id": "SYvlLHdgX",
  "referrer_page_id": "SYvlLHdgX",
  "session_id": "SYvlLHdgX",
  "shipping_charge": Object {
    "amount": -35543909044060.16,
    "currency": "BIF",
  },
  "timestamp": "2021-02-01T00:00:00.000Z",
  "user_id": "SYvlLHdgX",
}
`;

exports[`Testing snapshot for MolocoRmp's itemPageView destination action: required fields 1`] = `
Object {
  "channel_type": "APP",
  "event_type": "ITEM_PAGE_VIEW",
  "items": Array [
    Object {
      "id": "SYvlLHdgX",
    },
  ],
  "timestamp": "2021-02-01T00:00:00.000Z",
}
`;
